2025-06-19 16:04:26,326 - 
---
Prompt:
What topic am I weak at?

Context:
{"text": "{'rating': 1900, 'verdict': 'OK', 'name': 'Enemy is weak', 'tags': ['data structures', 'trees'], 'problem_url': 'https://codeforces.com/problemset/problem/61/E'}"}

{"text": "{'rating': 800, 'verdict': 'OK', 'name': 'Preparing for the Olympiad', 'tags': ['greedy'], 'problem_url': 'https://codeforces.com/problemset/problem/2051/A'}"}

{"text": "{'rating': 800, 'verdict': 'OK', 'name': 'Permutation Warm-Up', 'tags': ['combinatorics', 'greedy', 'math'], 'problem_url': 'https://codeforces.com/problemset/problem/2108/A'}"}

{"text": "{'rating': 800, 'verdict': 'OK', 'name': 'Escalator Conversations', 'tags': ['brute force', 'constructive algorithms', 'math'], 'problem_url': 'https://codeforces.com/problemset/problem/1851/A'}"}

{"text": "{'rating': 1100, 'verdict': 'WRONG_ANSWER', 'name': 'Kevin and Geometry', 'tags': ['binary search', 'geometry'], 'problem_url': 'https://codeforces.com/problemset/problem/2061/B'}"}

{"text": "{'rating': 1100, 'verdict': 'WRONG_ANSWER', 'name': 'Kevin and Geometry', 'tags': ['binary search', 'geometry'], 'problem_url': 'https://codeforces.com/problemset/problem/2061/B'}"}

{"text": "{'rating': 1100, 'verdict': 'WRONG_ANSWER', 'name': 'Kevin and Geometry', 'tags': ['binary search', 'geometry'], 'problem_url': 'https://codeforces.com/problemset/problem/2061/B'}"}

{"text": "{'rating': 1500, 'verdict': 'WRONG_ANSWER', 'name': 'Action Figures', 'tags': ['binary search', 'brute force', 'constructive algorithms', 'data structures', 'greedy', 'implementation'], 'problem_url': 'https://codeforces.com/problemset/problem/2026/C'}"}{"text": "{'rating': 1300, 'name': \"For Wizards, the Exam Is Easy, but I Couldn't Handle It\", 'tags': ['brute force', 'greedy', 'implementation'], 'problem_url': 'https://codeforces.com/problemset/problem/2072/D'}"}

{"text": "{'rating': 2300, 'name': 'Another Exercise on Graphs (Easy Version)', 'tags': ['binary search', 'brute force', 'dp', 'dsu', 'graphs', 'shortest paths', 'sortings'], 'problem_url': 'https://codeforces.com/problemset/problem/2057/E1'}"}

{"text": "{'rating': 800, 'name': 'Preparing for the Olympiad', 'tags': ['greedy'], 'problem_url': 'https://codeforces.com/problemset/problem/2051/A'}"}

{"text": "{'rating': 2500, 'name': 'Another Exercise on Graphs (hard version)', 'tags': ['binary search', 'dfs and similar', 'dp', 'dsu', 'graphs', 'shortest paths', 'sortings'], 'problem_url': 'https://codeforces.com/problemset/problem/2057/E2'}"}

{"text": "{'rating': 3300, 'name': 'Go Learn! (Easy Version)', 'tags': ['dp', 'trees'], 'problem_url': 'https://codeforces.com/problemset/problem/2035/G1'}"}

{"text": "{'rating': 1600, 'name': 'Kevin and Competition Memories', 'tags': ['binary search', 'brute force', 'data structures', 'greedy', 'sortings', 'two pointers'], 'problem_url': 'https://codeforces.com/problemset/problem/2048/D'}"}

{"text": "{'rating': 2000, 'name': 'The Game (Easy Version)', 'tags': ['data structures', 'dfs and similar', 'games', 'graphs', 'greedy', 'trees'], 'problem_url': 'https://codeforces.com/problemset/problem/2062/E1'}"}

{"text": "{'rating': 1000, 'name': 'Simple Repetition', 'tags': ['math', 'number theory'], 'problem_url': 'https://codeforces.com/problemset/problem/2093/C'}"}{"text": "{'topic': 'graph', 'file_name': 'Assignment-problem-min-flow.md', 'link': 'https://cp-algorithms.com/graph/Assignment-problem-min-flow.html'}"}

{"text": "{'topic': 'others', 'file_name': '15-puzzle.md', 'link': 'https://cp-algorithms.com/others/15-puzzle.html'}"}

{"text": "{'topic': 'graph', 'file_name': 'strong-orientation.md', 'link': 'https://cp-algorithms.com/graph/strong-orientation.html'}"}

{"text": "{'topic': 'graph', 'file_name': 'breadth-first-search.md', 'link': 'https://cp-algorithms.com/graph/breadth-first-search.html'}"}

{"text": "{'topic': 'graph', 'file_name': 'tree_painting.md', 'link': 'https://cp-algorithms.com/graph/tree_painting.html'}"}

{"text": "{'topic': 'graph', 'file_name': 'depth-first-search.md', 'link': 'https://cp-algorithms.com/graph/depth-first-search.html'}"}

{"text": "{'topic': 'others', 'file_name': 'josephus_problem.md', 'link': 'https://cp-algorithms.com/others/josephus_problem.html'}"}

{"text": "{'topic': 'geometry', 'file_name': 'basic-geometry.md', 'link': 'https://cp-algorithms.com/geometry/basic-geometry.html'}"}
---
2025-06-19 16:08:07,032 - 
---
Prompt:
How to solve the knapsack problem?
If you give any code, please use Python as the programming language.

Context:
{"text": "{'rating': 1100, 'verdict': 'OK', 'name': 'Maximum Sum', 'tags': ['dp', 'greedy', 'math'], 'problem_url': 'https://codeforces.com/problemset/problem/1946/B'}"}

{"text": "{'rating': 900, 'verdict': 'OK', 'name': 'Dinner Time', 'tags': ['constructive algorithms', 'math'], 'problem_url': 'https://codeforces.com/problemset/problem/2102/A'}"}

{"text": "{'rating': 1500, 'verdict': 'OK', 'name': 'Trip to the Olympiad', 'tags': ['bitmasks', 'constructive algorithms', 'greedy', 'math'], 'problem_url': 'https://codeforces.com/problemset/problem/2057/C'}"}

{"text": "{'rating': 1100, 'verdict': 'OK', 'name': 'Harder Problem', 'tags': ['constructive algorithms', 'greedy', 'math'], 'problem_url': 'https://codeforces.com/problemset/problem/2044/D'}"}

{"text": "{'rating': 1700, 'verdict': 'OK', 'name': 'Chimpanzini Bananini', 'tags': ['data structures', 'implementation', 'math'], 'problem_url': 'https://codeforces.com/problemset/problem/2094/G'}"}

{"text": "{'rating': 1800, 'verdict': 'OK', 'name': \"Pashmak and Parmida's problem\", 'tags': ['data structures', 'divide and conquer', 'sortings'], 'problem_url': 'https://codeforces.com/problemset/problem/459/D'}"}

{"text": "{'rating': 1600, 'verdict': 'OK', 'name': 'Sums on Segments', 'tags': ['binary search', 'brute force', 'data structures', 'dp', 'greedy', 'math'], 'problem_url': 'https://codeforces.com/problemset/problem/2043/C'}"}

{"text": "{'rating': 800, 'verdict': 'OK', 'name': 'String', 'tags': ['constructive algorithms', 'greedy', 'math', 'strings'], 'problem_url': 'https://codeforces.com/problemset/problem/2062/A'}"}{"text": "{'rating': 2600, 'name': 'Keep the Sum', 'tags': ['constructive algorithms', 'implementation', 'two pointers'], 'problem_url': 'https://codeforces.com/problemset/problem/2103/E'}"}

{"text": "{'rating': 1900, 'name': 'Finding OR Sum', 'tags': ['bitmasks', 'constructive algorithms', 'implementation', 'interactive', 'math'], 'problem_url': 'https://codeforces.com/problemset/problem/2077/B'}"}

{"text": "{'rating': 2700, 'name': 'Another Folding Strip', 'tags': ['combinatorics', 'constructive algorithms', 'data structures', 'divide and conquer', 'dp', 'greedy', 'math'], 'problem_url': 'https://codeforces.com/problemset/problem/2077/E'}"}

{"text": "{'rating': 2700, 'name': 'Statues', 'tags': ['constructive algorithms', 'greedy', 'math'], 'problem_url': 'https://codeforces.com/problemset/problem/2068/H'}"}

{"text": "{'rating': 1300, 'name': 'Cost of the Array', 'tags': ['brute force', 'constructive algorithms', 'greedy', 'math'], 'problem_url': 'https://codeforces.com/problemset/problem/2059/B'}"}

{"text": "{'rating': 1200, 'name': 'Beautiful Array', 'tags': ['constructive algorithms', 'math'], 'problem_url': 'https://codeforces.com/problemset/problem/2041/E'}"}

{"text": "{'rating': 1200, 'name': 'Two Large Bags', 'tags': ['brute force', 'dp', 'greedy', 'sortings'], 'problem_url': 'https://codeforces.com/problemset/problem/2067/B'}"}

{"text": "{'rating': 1500, 'name': 'Trip to the Olympiad', 'tags': ['bitmasks', 'constructive algorithms', 'greedy', 'math'], 'problem_url': 'https://codeforces.com/problemset/problem/2057/C'}"}{"text": "{'topic': 'dynamic_programming', 'file_name': 'knapsack.md', 'link': 'https://cp-algorithms.com/dynamic_programming/knapsack.html'}"}

{"text": "{'topic': 'dynamic_programming', 'file_name': 'knuth-optimization.md', 'link': 'https://cp-algorithms.com/dynamic_programming/knuth-optimization.html'}"}

{"text": "{'topic': 'dynamic_programming', 'file_name': 'divide-and-conquer-dp.md', 'link': 'https://cp-algorithms.com/dynamic_programming/divide-and-conquer-dp.html'}"}

{"text": "{'topic': 'dynamic_programming', 'file_name': 'intro-to-dp.md', 'link': 'https://cp-algorithms.com/dynamic_programming/intro-to-dp.html'}"}

{"text": "{'topic': 'dynamic_programming', 'file_name': 'zero_matrix.md', 'link': 'https://cp-algorithms.com/dynamic_programming/zero_matrix.html'}"}

{"text": "{'topic': 'sequences', 'file_name': 'k-th.md', 'link': 'https://cp-algorithms.com/sequences/k-th.html'}"}

{"text": "{'topic': 'others', 'file_name': '15-puzzle.md', 'link': 'https://cp-algorithms.com/others/15-puzzle.html'}"}

{"text": "{'topic': 'dynamic_programming', 'file_name': 'profile-dynamics.md', 'link': 'https://cp-algorithms.com/dynamic_programming/profile-dynamics.html'}"}
---
2025-06-19 16:18:40,559 - 
---
Prompt:
What topic should I practice next?
If you give any code, please use Python as the programming language.

Context:
{"text": "{'rating': 1700, 'verdict': 'OK', 'name': 'Training Session', 'tags': ['combinatorics', 'data structures', 'geometry', 'implementation', 'math'], 'problem_url': 'https://codeforces.com/problemset/problem/1598/D'}"}

{"text": "{'rating': 1700, 'verdict': 'OK', 'name': 'Chimpanzini Bananini', 'tags': ['data structures', 'implementation', 'math'], 'problem_url': 'https://codeforces.com/problemset/problem/2094/G'}"}

{"text": "{'rating': 900, 'verdict': 'OK', 'name': 'Dinner Time', 'tags': ['constructive algorithms', 'math'], 'problem_url': 'https://codeforces.com/problemset/problem/2102/A'}"}

{"text": "{'rating': 800, 'verdict': 'OK', 'name': 'Rectangle Arrangement', 'tags': ['geometry', 'implementation', 'math'], 'problem_url': 'https://codeforces.com/problemset/problem/2027/A'}"}

{"text": "{'rating': 1000, 'verdict': 'OK', 'name': 'Preparing for the Exam', 'tags': ['constructive algorithms', 'implementation'], 'problem_url': 'https://codeforces.com/problemset/problem/2051/C'}"}

{"text": "{'rating': 1300, 'verdict': 'OK', 'name': \"Kousuke's Assignment\", 'tags': ['data structures', 'dp', 'dsu', 'greedy', 'math'], 'problem_url': 'https://codeforces.com/problemset/problem/2033/D'}"}

{"text": "{'rating': 1000, 'verdict': 'OK', 'name': 'Paint a Strip', 'tags': ['constructive algorithms', 'greedy', 'math'], 'problem_url': 'https://codeforces.com/problemset/problem/2040/B'}"}

{"text": "{'rating': 1800, 'verdict': 'OK', 'name': 'Interesting Array', 'tags': ['constructive algorithms', 'data structures', 'trees'], 'problem_url': 'https://codeforces.com/problemset/problem/482/B'}"}{"text": "{'rating': 2300, 'name': 'Another Exercise on Graphs (Easy Version)', 'tags': ['binary search', 'brute force', 'dp', 'dsu', 'graphs', 'shortest paths', 'sortings'], 'problem_url': 'https://codeforces.com/problemset/problem/2057/E1'}"}

{"text": "{'rating': 3300, 'name': 'Go Learn! (Easy Version)', 'tags': ['dp', 'trees'], 'problem_url': 'https://codeforces.com/problemset/problem/2035/G1'}"}

{"text": "{'rating': 2500, 'name': 'Another Exercise on Graphs (hard version)', 'tags': ['binary search', 'dfs and similar', 'dp', 'dsu', 'graphs', 'shortest paths', 'sortings'], 'problem_url': 'https://codeforces.com/problemset/problem/2057/E2'}"}

{"text": "{'rating': 1200, 'name': 'Beautiful Array', 'tags': ['constructive algorithms', 'math'], 'problem_url': 'https://codeforces.com/problemset/problem/2041/E'}"}

{"text": "{'rating': 1700, 'name': 'Chimpanzini Bananini', 'tags': ['data structures', 'implementation', 'math'], 'problem_url': 'https://codeforces.com/problemset/problem/2094/G'}"}

{"text": "{'rating': 3500, 'name': 'Go Learn! (Hard Version)', 'tags': ['divide and conquer', 'dp'], 'problem_url': 'https://codeforces.com/problemset/problem/2035/G2'}"}

{"text": "{'rating': 1000, 'name': 'Preparing for the Exam', 'tags': ['constructive algorithms', 'implementation'], 'problem_url': 'https://codeforces.com/problemset/problem/2051/C'}"}

{"text": "{'rating': 3300, 'name': 'Alice, Bob, And Two Arrays', 'tags': ['*special', 'data structures', 'dp', 'games'], 'problem_url': 'https://codeforces.com/problemset/problem/2079/A'}"}{"text": "{'topic': 'dynamic_programming', 'file_name': 'intro-to-dp.md', 'link': 'https://cp-algorithms.com/dynamic_programming/intro-to-dp.html'}"}

{"text": "{'topic': 'sequences', 'file_name': 'k-th.md', 'link': 'https://cp-algorithms.com/sequences/k-th.html'}"}

{"text": "{'topic': 'others', 'file_name': '15-puzzle.md', 'link': 'https://cp-algorithms.com/others/15-puzzle.html'}"}

{"text": "{'topic': 'sequences', 'file_name': 'mex.md', 'link': 'https://cp-algorithms.com/sequences/mex.html'}"}

{"text": "{'topic': 'graph', 'file_name': '2SAT.md', 'link': 'https://cp-algorithms.com/graph/2SAT.html'}"}

{"text": "{'topic': 'geometry', 'file_name': 'basic-geometry.md', 'link': 'https://cp-algorithms.com/geometry/basic-geometry.html'}"}

{"text": "{'topic': 'algebra', 'file_name': 'gray-code.md', 'link': 'https://cp-algorithms.com/algebra/gray-code.html'}"}

{"text": "{'topic': 'string', 'file_name': 'main_lorentz.md', 'link': 'https://cp-algorithms.com/string/main_lorentz.html'}"}
---
